SS1 returned to MENU after reboot
rotate-software-repeat-sigil1 1619 frames; mean frame 18.538 ms; BSP 0.000 ms; planes 0.000 ms; masked 0.000 ms; GPU wait 0.000 ms; DMA waits 0.000 ms
rotate-software-repeat-sigil2 1171 frames; mean frame 25.647 ms; BSP 0.000 ms; planes 0.000 ms; masked 0.000 ms; GPU wait 0.000 ms; DMA waits 0.000 ms
rotate-before-repeat-sigil1 1629 frames; mean frame 18.429 ms; BSP 0.000 ms; planes 0.000 ms; masked 0.000 ms; GPU wait 0.000 ms; DMA waits 0.000 ms
rotate-before-repeat-sigil2 1199 frames; mean frame 25.045 ms; BSP 0.000 ms; planes 0.000 ms; masked 0.000 ms; GPU wait 0.000 ms; DMA waits 0.000 ms
rotate-walls-sigil1 1619 frames; mean frame 18.536 ms; BSP 0.000 ms; planes 0.000 ms; masked 0.000 ms; GPU wait 0.000 ms; DMA waits 0.000 ms
rotate-walls-sigil2 1181 frames; mean frame 25.425 ms; BSP 0.000 ms; planes 0.000 ms; masked 0.000 ms; GPU wait 0.000 ms; DMA waits 0.000 ms
Traceback (most recent call last):
  File "/home/alberto/Repos/openfpgaOS/build/ss1-masked-20260913/matrix.py", line 39, in <module>
    subprocess.run([sys.executable,str(here/'run.py'),name,game,core,*args],stdout=log,stderr=subprocess.STDOUT,check=True)
    ~~~~~~~~~~~~~~^^^^^^^^^^^^^^^^^^^^^^^^^^^^^^^^^^^^^^^^^^^^^^^^^^^^^^^^^^^^^^^^^^^^^^^^^^^^^^^^^^^^^^^^^^^^^^^^^^^^^^^^^
  File "/usr/lib/python3.14/subprocess.py", line 557, in run
    stdout, stderr = process.communicate(input, timeout=timeout)
                     ~~~~~~~~~~~~~~~~~~~^^^^^^^^^^^^^^^^^^^^^^^^
  File "/usr/lib/python3.14/subprocess.py", line 1213, in communicate
    self.wait()
    ~~~~~~~~~^^
  File "/usr/lib/python3.14/subprocess.py", line 1279, in wait
    return self._wait(timeout=timeout)
           ~~~~~~~~~~^^^^^^^^^^^^^^^^^
  File "/usr/lib/python3.14/subprocess.py", line 2084, in _wait
    (pid, sts) = self._try_wait(0)
                 ~~~~~~~~~~~~~~^^^
  File "/usr/lib/python3.14/subprocess.py", line 2042, in _try_wait
    (pid, sts) = os.waitpid(self.pid, wait_flags)
                 ~~~~~~~~~~^^^^^^^^^^^^^^^^^^^^^^
KeyboardInterrupt
Traceback (most recent call last):
  File "<stdin>", line 10, in <module>
  File "/usr/lib/python3.14/subprocess.py", line 578, in run
    raise CalledProcessError(retcode, process.args,
                             output=stdout, stderr=stderr)
subprocess.CalledProcessError: Command '['python3', '/home/alberto/Repos/openfpgaOS/build/ss1-masked-20260913/matrix.py', 'masked-skip-demo:counter:rotate-software-repeat:rotate', 'before-demo:counter:rotate-before-repeat:rotate', 'walls-demo:counter:rotate-walls:rotate', 'walls-demo:counter:walls:normal', 'walls-demo:counter:walls-coarse:coarse']' died with <Signals.SIGINT: 2>.
