Verified completed capture rotate-before-sigil1
Verified completed capture rotate-before-sigil2
Verified completed capture rotate-software-sigil1
rotate-software-sigil2 1172 frames; mean frame 25.627 ms; BSP 0.000 ms; planes 0.000 ms; masked 0.000 ms; GPU wait 0.000 ms; DMA waits 0.000 ms
rotate-combined-sigil1 1619 frames; mean frame 18.538 ms; BSP 0.000 ms; planes 0.000 ms; masked 0.000 ms; GPU wait 0.000 ms; DMA waits 0.000 ms
Traceback (most recent call last):
  File "/home/alberto/Repos/openfpgaOS/build/ss1-masked-20260913/matrix.py", line 39, in <module>
    subprocess.run([sys.executable,str(here/'run.py'),name,game,core,*args],stdout=log,stderr=subprocess.STDOUT,check=True)
    ~~~~~~~~~~~~~~^^^^^^^^^^^^^^^^^^^^^^^^^^^^^^^^^^^^^^^^^^^^^^^^^^^^^^^^^^^^^^^^^^^^^^^^^^^^^^^^^^^^^^^^^^^^^^^^^^^^^^^^^
  File "/usr/lib/python3.14/subprocess.py", line 578, in run
    raise CalledProcessError(retcode, process.args,
                             output=stdout, stderr=stderr)
subprocess.CalledProcessError: Command '['/usr/bin/python3', '/home/alberto/Repos/openfpgaOS/build/ss1-masked-20260913/run.py', 'rotate-combined-sigil2', 'SIGILII', 'wc-counter', '-noperf']' returned non-zero exit status 1.

During handling of the above exception, another exception occurred:

Traceback (most recent call last):
  File "/home/alberto/Repos/openfpgaOS/build/ss1-masked-20260913/matrix.py", line 42, in <module>
    menu()
    ~~~~^^
  File "/home/alberto/Repos/openfpgaOS/build/ss1-masked-20260913/matrix.py", line 13, in menu
    raise RuntimeError('MENU did not load')
RuntimeError: MENU did not load
