Traceback (most recent call last):
  File "/home/alberto/Repos/openfpgaOS/build/ss1-masked-20260913/matrix.py", line 34, in <module>
    menu()
    ~~~~^^
  File "/home/alberto/Repos/openfpgaOS/build/ss1-masked-20260913/matrix.py", line 13, in menu
    raise RuntimeError('MENU did not load')
RuntimeError: MENU did not load

During handling of the above exception, another exception occurred:

Traceback (most recent call last):
  File "/home/alberto/Repos/openfpgaOS/build/ss1-masked-20260913/matrix.py", line 42, in <module>
    menu()
    ~~~~^^
  File "/home/alberto/Repos/openfpgaOS/build/ss1-masked-20260913/matrix.py", line 13, in menu
    raise RuntimeError('MENU did not load')
RuntimeError: MENU did not load
Traceback (most recent call last):
  File "<stdin>", line 9, in <module>
  File "/usr/lib/python3.14/subprocess.py", line 578, in run
    raise CalledProcessError(retcode, process.args,
                             output=stdout, stderr=stderr)
subprocess.CalledProcessError: Command '['python3', '/home/alberto/Repos/openfpgaOS/build/ss1-masked-20260913/matrix.py', 'masked-skip-demo:counter:rotate-software-repeat:rotate', 'before-demo:counter:rotate-before-repeat:rotate', 'walls-demo:counter:rotate-walls:rotate', 'walls-demo:counter:walls:normal', 'walls-demo:counter:walls-coarse:coarse']' returned non-zero exit status 1.
