PASS: video_pacing-doom-mister-period
PASS: video_pacing-doom-late-frame
PASS: video_pacing-doom-fresh-frame
PASS: video_pacing-doom-timedemo
PASS: video_pacing-doom-overload
PASS: video_pacing-doom-config-lifetime
PASS: video_pacing-doom-gamma
PASS: sprite_sort-doom
PASS: wall_math-doom
PASS: wall_scale-doom
PASS: wall_divide-doom
PASS: view_cache-doom
PASS: sprite_precache-doom
PASS: statusbar_overlay-doom
PASS: masked_bounds-doom
PASS: sfx-doom-allocation
PASS: sfx-doom-pcm
PASS: sfx-doom-params
PASS: sfx-heretic-allocation
PASS: sfx-heretic-pcm
PASS: sfx-heretic-params
PASS: sfx-hexen-allocation
PASS: sfx-hexen-pcm
PASS: sfx-hexen-params
