1789321519.122853 gameplay before menus
1789321523.4818492 MiSTer OSD requested
1789321532.3985007 Doom main menu requested
1789321535.1061401 Doom options requested
1789321542.017837 gameplay after Doom options
1789321545.8256903 OSD cycle 1
1789321547.634078 OSD cycle 2
1789321549.4386325 OSD cycle 3
1789321551.2434297 OSD cycle 4
1789321553.049026 OSD cycle 5
1789321554.8537679 OSD cycle 6
1789321556.6580906 OSD cycle 7
1789321558.4626727 OSD cycle 8
1789321560.2670727 OSD cycle 9
1789321562.0716698 OSD cycle 10
1789321563.876106 OSD cycle 11
1789321565.6807098 OSD cycle 12
1789321567.4851005 OSD cycle 13
1789321569.289704 OSD cycle 14
1789321571.0968282 OSD cycle 15
1789321572.9024758 OSD cycle 16
1789321574.7076898 OSD cycle 17
1789321576.5120695 OSD cycle 18
1789321578.3167264 OSD cycle 19
1789321580.1214535 OSD cycle 20
1789321580.1229775 gameplay after repeated OSD navigation
1789321585.282117 standard invulnerability lighting requested
1789321607.3078458 gameplay after invulnerability
